◇ injected env (5) from .env // tip: ◈ secrets for agents [www.dotenvx.com]
=== SPUŠTĚNÍ OSTRÉ SYNCHRONIZACE (LIVE: Zápis povolen) ===


=== SPUŠTĚNÍ SYNCHRONIZACE (DryRun: false) ===

1. Stahování seznamu ceníků ze Shoptet API...
2. Vytváření dynamické mapy ceníků v paměti...
   Nalezeno 11 ceníků. Mapa inicializována.

3. Stahování produktů ze základního ceníku (ID: 1)...
ProductsReader: Stahování produktů pro ceník ID 1...
[Paginator] Fetching /pricelists/1 - Stránka 1 / 167
[Paginator] Fetching /pricelists/1 - Stránka 50 / 167
[Paginator] Fetching /pricelists/1 - Stránka 100 / 167
[Paginator] Fetching /pricelists/1 - Stránka 150 / 167
[Paginator] Fetching /pricelists/1 - Stránka 167 / 167
ProductsReader: Staženo 16624 produktů z ceníku ID 1.

4. Stahování objednávek a výpočet obratu zákazníků...
[CustomerAdapter] Stahuji seznam všech objednávek pro výpočet obratu...
[Paginator] Fetching /orders - Stránka 1 / 3830
[Paginator] Fetching /orders - Stránka 50 / 3830
[Paginator] Fetching /orders - Stránka 100 / 3830
[Paginator] Fetching /orders - Stránka 150 / 3830
[Paginator] Fetching /orders - Stránka 200 / 3830
[Paginator] Fetching /orders - Stránka 250 / 3830
[Paginator] Fetching /orders - Stránka 300 / 3830
[Paginator] Fetching /orders - Stránka 350 / 3830
[Paginator] Fetching /orders - Stránka 400 / 3830
[Paginator] Fetching /orders - Stránka 450 / 3830
[Paginator] Fetching /orders - Stránka 500 / 3830
[Paginator] Fetching /orders - Stránka 550 / 3830
[Paginator] Fetching /orders - Stránka 600 / 3830
[Paginator] Fetching /orders - Stránka 650 / 3830
[Paginator] Fetching /orders - Stránka 700 / 3830
[Paginator] Fetching /orders - Stránka 750 / 3830
[Paginator] Fetching /orders - Stránka 800 / 3830
[Paginator] Fetching /orders - Stránka 850 / 3830
[Paginator] Fetching /orders - Stránka 900 / 3830
[Paginator] Fetching /orders - Stránka 950 / 3830
[Paginator] Fetching /orders - Stránka 1000 / 3830
[Paginator] Fetching /orders - Stránka 1050 / 3830
[Paginator] Fetching /orders - Stránka 1100 / 3830
[Paginator] Fetching /orders - Stránka 1150 / 3830
[Paginator] Fetching /orders - Stránka 1200 / 3830
[Paginator] Fetching /orders - Stránka 1250 / 3830
[Paginator] Fetching /orders - Stránka 1300 / 3830
[Paginator] Fetching /orders - Stránka 1350 / 3830
[Paginator] Fetching /orders - Stránka 1400 / 3830
[Paginator] Fetching /orders - Stránka 1450 / 3830
[Paginator] Fetching /orders - Stránka 1500 / 3830
[Paginator] Fetching /orders - Stránka 1550 / 3830
[Paginator] Fetching /orders - Stránka 1600 / 3830
[Paginator] Fetching /orders - Stránka 1650 / 3830
[Paginator] Fetching /orders - Stránka 1700 / 3830
[Paginator] Fetching /orders - Stránka 1750 / 3830
[Paginator] Fetching /orders - Stránka 1800 / 3830
[Paginator] Fetching /orders - Stránka 1850 / 3830
[Paginator] Fetching /orders - Stránka 1900 / 3830
[Paginator] Fetching /orders - Stránka 1950 / 3830
[Paginator] Fetching /orders - Stránka 2000 / 3830
[Paginator] Fetching /orders - Stránka 2050 / 3830
[Paginator] Fetching /orders - Stránka 2100 / 3830
[Paginator] Fetching /orders - Stránka 2150 / 3830
[Paginator] Fetching /orders - Stránka 2200 / 3830
[Paginator] Fetching /orders - Stránka 2250 / 3830
[Paginator] Fetching /orders - Stránka 2300 / 3830
[Paginator] Fetching /orders - Stránka 2350 / 3830
[Paginator] Fetching /orders - Stránka 2400 / 3830
[Paginator] Fetching /orders - Stránka 2450 / 3830
[Paginator] Fetching /orders - Stránka 2500 / 3830
[Paginator] Fetching /orders - Stránka 2550 / 3830
[Paginator] Fetching /orders - Stránka 2600 / 3830
[Paginator] Fetching /orders - Stránka 2650 / 3830
[Paginator] Fetching /orders - Stránka 2700 / 3830
[Paginator] Fetching /orders - Stránka 2750 / 3830
[Paginator] Fetching /orders - Stránka 2800 / 3830
[Paginator] Fetching /orders - Stránka 2850 / 3830
[Paginator] Fetching /orders - Stránka 2900 / 3830
[Paginator] Fetching /orders - Stránka 2950 / 3830
[Paginator] Fetching /orders - Stránka 3000 / 3830
[Paginator] Fetching /orders - Stránka 3050 / 3830
[Paginator] Fetching /orders - Stránka 3100 / 3830
[Paginator] Fetching /orders - Stránka 3150 / 3830
[Paginator] Fetching /orders - Stránka 3200 / 3830
[Paginator] Fetching /orders - Stránka 3250 / 3830
[Paginator] Fetching /orders - Stránka 3300 / 3830
[Paginator] Fetching /orders - Stránka 3350 / 3830
[Paginator] Fetching /orders - Stránka 3400 / 3830
[Paginator] Fetching /orders - Stránka 3450 / 3830
[Paginator] Fetching /orders - Stránka 3500 / 3830
[Paginator] Fetching /orders - Stránka 3550 / 3830
[Paginator] Fetching /orders - Stránka 3600 / 3830
[Paginator] Fetching /orders - Stránka 3650 / 3830
[Paginator] Fetching /orders - Stránka 3700 / 3830
[Paginator] Fetching /orders - Stránka 3750 / 3830
[Paginator] Fetching /orders - Stránka 3800 / 3830
[Paginator] Fetching /orders - Stránka 3830 / 3830
[CustomerAdapter] Zpracovávám 191486 objednávek...
[CustomerAdapter] Stahuji detaily zákazníků pro zjištění aktuální skupiny...
[Paginator] Fetching /customers - Stránka 1 / 479
[Paginator] Fetching /customers - Stránka 50 / 479
[Paginator] Fetching /customers - Stránka 100 / 479
[Paginator] Fetching /customers - Stránka 150 / 479
[Paginator] Fetching /customers - Stránka 200 / 479
[Paginator] Fetching /customers - Stránka 250 / 479
[Paginator] Fetching /customers - Stránka 300 / 479
[Paginator] Fetching /customers - Stránka 350 / 479
[Paginator] Fetching /customers - Stránka 400 / 479
[Paginator] Fetching /customers - Stránka 450 / 479
[Paginator] Fetching /customers - Stránka 479 / 479
[CustomerAdapter] Zpracováno zákazníků: 100/47889
[CustomerAdapter] Zpracováno zákazníků: 200/47889
[CustomerAdapter] Zpracováno zákazníků: 300/47889
[CustomerAdapter] Zpracováno zákazníků: 400/47889
[CustomerAdapter] Zpracováno zákazníků: 500/47889
[CustomerAdapter] Zpracováno zákazníků: 600/47889
[CustomerAdapter] Zpracováno zákazníků: 700/47889
[CustomerAdapter] Zpracováno zákazníků: 800/47889
[CustomerAdapter] Zpracováno zákazníků: 900/47889
[CustomerAdapter] Zpracováno zákazníků: 1000/47889
[CustomerAdapter] Zpracováno zákazníků: 1100/47889
[CustomerAdapter] Zpracováno zákazníků: 1200/47889
[CustomerAdapter] Zpracováno zákazníků: 1300/47889
[CustomerAdapter] Zpracováno zákazníků: 1400/47889
[CustomerAdapter] Zpracováno zákazníků: 1500/47889
[CustomerAdapter] Zpracováno zákazníků: 1600/47889
[CustomerAdapter] Zpracováno zákazníků: 1700/47889
[CustomerAdapter] Zpracováno zákazníků: 1800/47889
[CustomerAdapter] Zpracováno zákazníků: 1900/47889
[CustomerAdapter] Zpracováno zákazníků: 2000/47889
[CustomerAdapter] Zpracováno zákazníků: 2100/47889
[CustomerAdapter] Zpracováno zákazníků: 2200/47889
[CustomerAdapter] Zpracováno zákazníků: 2300/47889
[CustomerAdapter] Zpracováno zákazníků: 2400/47889
[CustomerAdapter] Zpracováno zákazníků: 2500/47889
[CustomerAdapter] Zpracováno zákazníků: 2600/47889
[CustomerAdapter] Zpracováno zákazníků: 2700/47889
[CustomerAdapter] Zpracováno zákazníků: 2800/47889
[CustomerAdapter] Zpracováno zákazníků: 2900/47889
[CustomerAdapter] Zpracováno zákazníků: 3000/47889
[CustomerAdapter] Zpracováno zákazníků: 3100/47889
[CustomerAdapter] Zpracováno zákazníků: 3200/47889
[CustomerAdapter] Zpracováno zákazníků: 3300/47889
[CustomerAdapter] Zpracováno zákazníků: 3400/47889
[CustomerAdapter] Zpracováno zákazníků: 3500/47889
[CustomerAdapter] Zpracováno zákazníků: 3600/47889
[CustomerAdapter] Zpracováno zákazníků: 3700/47889
[CustomerAdapter] Zpracováno zákazníků: 3800/47889
[CustomerAdapter] Zpracováno zákazníků: 3900/47889
[CustomerAdapter] Zpracováno zákazníků: 4000/47889
[CustomerAdapter] Zpracováno zákazníků: 4100/47889
[CustomerAdapter] Zpracováno zákazníků: 4200/47889
[CustomerAdapter] Zpracováno zákazníků: 4300/47889
[CustomerAdapter] Zpracováno zákazníků: 4400/47889
[CustomerAdapter] Zpracováno zákazníků: 4500/47889
[CustomerAdapter] Zpracováno zákazníků: 4600/47889
[CustomerAdapter] Zpracováno zákazníků: 4700/47889
[CustomerAdapter] Zpracováno zákazníků: 4800/47889
[CustomerAdapter] Zpracováno zákazníků: 4900/47889
[CustomerAdapter] Zpracováno zákazníků: 5000/47889
[CustomerAdapter] Zpracováno zákazníků: 5100/47889
[CustomerAdapter] Zpracováno zákazníků: 5200/47889
[CustomerAdapter] Zpracováno zákazníků: 5300/47889
[CustomerAdapter] Zpracováno zákazníků: 5400/47889
[CustomerAdapter] Zpracováno zákazníků: 5500/47889
[CustomerAdapter] Zpracováno zákazníků: 5600/47889
[CustomerAdapter] Zpracováno zákazníků: 5700/47889
[CustomerAdapter] Zpracováno zákazníků: 5800/47889
[CustomerAdapter] Zpracováno zákazníků: 5900/47889
[CustomerAdapter] Zpracováno zákazníků: 6000/47889
[CustomerAdapter] Zpracováno zákazníků: 6100/47889
[CustomerAdapter] Zpracováno zákazníků: 6200/47889
[CustomerAdapter] Zpracováno zákazníků: 6300/47889
[CustomerAdapter] Zpracováno zákazníků: 6400/47889
[CustomerAdapter] Zpracováno zákazníků: 6500/47889
[CustomerAdapter] Zpracováno zákazníků: 6600/47889
[CustomerAdapter] Zpracováno zákazníků: 6700/47889
[CustomerAdapter] Zpracováno zákazníků: 6800/47889
[CustomerAdapter] Zpracováno zákazníků: 6900/47889
[CustomerAdapter] Zpracováno zákazníků: 7000/47889
[CustomerAdapter] Zpracováno zákazníků: 7100/47889
[CustomerAdapter] Zpracováno zákazníků: 7200/47889
[CustomerAdapter] Zpracováno zákazníků: 7300/47889
[CustomerAdapter] Zpracováno zákazníků: 7400/47889
[CustomerAdapter] Zpracováno zákazníků: 7500/47889
[CustomerAdapter] Zpracováno zákazníků: 7600/47889
[CustomerAdapter] Zpracováno zákazníků: 7700/47889
[CustomerAdapter] Zpracováno zákazníků: 7800/47889
[CustomerAdapter] Zpracováno zákazníků: 7900/47889
[CustomerAdapter] Zpracováno zákazníků: 8000/47889
[CustomerAdapter] Zpracováno zákazníků: 8100/47889
[CustomerAdapter] Zpracováno zákazníků: 8200/47889
[CustomerAdapter] Zpracováno zákazníků: 8300/47889
[CustomerAdapter] Zpracováno zákazníků: 8400/47889
[CustomerAdapter] Zpracováno zákazníků: 8500/47889
[CustomerAdapter] Zpracováno zákazníků: 8600/47889
[CustomerAdapter] Zpracováno zákazníků: 8700/47889
[CustomerAdapter] Zpracováno zákazníků: 8800/47889
[CustomerAdapter] Zpracováno zákazníků: 8900/47889
[CustomerAdapter] Zpracováno zákazníků: 9000/47889
[CustomerAdapter] Zpracováno zákazníků: 9100/47889
[CustomerAdapter] Zpracováno zákazníků: 9200/47889
[CustomerAdapter] Zpracováno zákazníků: 9300/47889
[CustomerAdapter] Zpracováno zákazníků: 9400/47889
[CustomerAdapter] Zpracováno zákazníků: 9500/47889
[CustomerAdapter] Zpracováno zákazníků: 9600/47889
[CustomerAdapter] Zpracováno zákazníků: 9700/47889
[CustomerAdapter] Zpracováno zákazníků: 9800/47889
[CustomerAdapter] Zpracováno zákazníků: 9900/47889
[CustomerAdapter] Zpracováno zákazníků: 10000/47889
[CustomerAdapter] Zpracováno zákazníků: 10100/47889
[CustomerAdapter] Zpracováno zákazníků: 10200/47889
[CustomerAdapter] Zpracováno zákazníků: 10300/47889
[CustomerAdapter] Zpracováno zákazníků: 10400/47889
[CustomerAdapter] Zpracováno zákazníků: 10500/47889
[CustomerAdapter] Zpracováno zákazníků: 10600/47889
[CustomerAdapter] Zpracováno zákazníků: 10700/47889
[CustomerAdapter] Zpracováno zákazníků: 10800/47889
[CustomerAdapter] Zpracováno zákazníků: 10900/47889
[CustomerAdapter] Zpracováno zákazníků: 11000/47889
[CustomerAdapter] Zpracováno zákazníků: 11100/47889
[CustomerAdapter] Zpracováno zákazníků: 11200/47889
[CustomerAdapter] Zpracováno zákazníků: 11300/47889
[CustomerAdapter] Zpracováno zákazníků: 11400/47889
[CustomerAdapter] Zpracováno zákazníků: 11500/47889
[CustomerAdapter] Zpracováno zákazníků: 11600/47889
[CustomerAdapter] Zpracováno zákazníků: 11700/47889
[CustomerAdapter] Zpracováno zákazníků: 11800/47889
[CustomerAdapter] Zpracováno zákazníků: 11900/47889
[CustomerAdapter] Zpracováno zákazníků: 12000/47889
[CustomerAdapter] Zpracováno zákazníků: 12100/47889
[CustomerAdapter] Zpracováno zákazníků: 12200/47889
[CustomerAdapter] Zpracováno zákazníků: 12300/47889
[CustomerAdapter] Zpracováno zákazníků: 12400/47889
[CustomerAdapter] Zpracováno zákazníků: 12500/47889
[CustomerAdapter] Zpracováno zákazníků: 12600/47889
[CustomerAdapter] Zpracováno zákazníků: 12700/47889
[CustomerAdapter] Zpracováno zákazníků: 12800/47889
[CustomerAdapter] Zpracováno zákazníků: 12900/47889
[CustomerAdapter] Zpracováno zákazníků: 13000/47889
[CustomerAdapter] Zpracováno zákazníků: 13100/47889
[CustomerAdapter] Zpracováno zákazníků: 13200/47889
[CustomerAdapter] Zpracováno zákazníků: 13300/47889
[CustomerAdapter] Zpracováno zákazníků: 13400/47889
[CustomerAdapter] Zpracováno zákazníků: 13500/47889
[CustomerAdapter] Zpracováno zákazníků: 13600/47889
[CustomerAdapter] Zpracováno zákazníků: 13700/47889
[CustomerAdapter] Zpracováno zákazníků: 13800/47889
[CustomerAdapter] Zpracováno zákazníků: 13900/47889
[CustomerAdapter] Zpracováno zákazníků: 14000/47889
[CustomerAdapter] Zpracováno zákazníků: 14100/47889
[CustomerAdapter] Zpracováno zákazníků: 14200/47889
[CustomerAdapter] Zpracováno zákazníků: 14300/47889
[CustomerAdapter] Zpracováno zákazníků: 14400/47889
[CustomerAdapter] Zpracováno zákazníků: 14500/47889
[CustomerAdapter] Zpracováno zákazníků: 14600/47889
[CustomerAdapter] Zpracováno zákazníků: 14700/47889
[CustomerAdapter] Zpracováno zákazníků: 14800/47889
[CustomerAdapter] Zpracováno zákazníků: 14900/47889
[CustomerAdapter] Zpracováno zákazníků: 15000/47889
[CustomerAdapter] Zpracováno zákazníků: 15100/47889
[CustomerAdapter] Zpracováno zákazníků: 15200/47889
[CustomerAdapter] Zpracováno zákazníků: 15300/47889
[CustomerAdapter] Zpracováno zákazníků: 15400/47889
[CustomerAdapter] Zpracováno zákazníků: 15500/47889
[CustomerAdapter] Zpracováno zákazníků: 15600/47889
[CustomerAdapter] Zpracováno zákazníků: 15700/47889
[CustomerAdapter] Zpracováno zákazníků: 15800/47889
[CustomerAdapter] Zpracováno zákazníků: 15900/47889
[CustomerAdapter] Zpracováno zákazníků: 16000/47889
[CustomerAdapter] Zpracováno zákazníků: 16100/47889
[CustomerAdapter] Zpracováno zákazníků: 16200/47889
[CustomerAdapter] Zpracováno zákazníků: 16300/47889
[CustomerAdapter] Zpracováno zákazníků: 16400/47889
[CustomerAdapter] Zpracováno zákazníků: 16500/47889
[CustomerAdapter] Zpracováno zákazníků: 16600/47889
[CustomerAdapter] Zpracováno zákazníků: 16700/47889
[CustomerAdapter] Zpracováno zákazníků: 16800/47889
[CustomerAdapter] Zpracováno zákazníků: 16900/47889
[CustomerAdapter] Zpracováno zákazníků: 17000/47889
[CustomerAdapter] Zpracováno zákazníků: 17100/47889
[CustomerAdapter] Zpracováno zákazníků: 17200/47889
[CustomerAdapter] Zpracováno zákazníků: 17300/47889
[CustomerAdapter] Zpracováno zákazníků: 17400/47889
[CustomerAdapter] Zpracováno zákazníků: 17500/47889
[CustomerAdapter] Zpracováno zákazníků: 17600/47889
[CustomerAdapter] Zpracováno zákazníků: 17700/47889
[CustomerAdapter] Zpracováno zákazníků: 17800/47889
[CustomerAdapter] Zpracováno zákazníků: 17900/47889
[CustomerAdapter] Zpracováno zákazníků: 18000/47889
[CustomerAdapter] Zpracováno zákazníků: 18100/47889
[CustomerAdapter] Zpracováno zákazníků: 18200/47889
[CustomerAdapter] Zpracováno zákazníků: 18300/47889
[CustomerAdapter] Zpracováno zákazníků: 18400/47889
[CustomerAdapter] Zpracováno zákazníků: 18500/47889
[CustomerAdapter] Zpracováno zákazníků: 18600/47889
[CustomerAdapter] Zpracováno zákazníků: 18700/47889
[CustomerAdapter] Zpracováno zákazníků: 18800/47889
[CustomerAdapter] Zpracováno zákazníků: 18900/47889
[CustomerAdapter] Zpracováno zákazníků: 19000/47889
[CustomerAdapter] Zpracováno zákazníků: 19100/47889
[CustomerAdapter] Zpracováno zákazníků: 19200/47889
[CustomerAdapter] Zpracováno zákazníků: 19300/47889
[CustomerAdapter] Zpracováno zákazníků: 19400/47889
[CustomerAdapter] Zpracováno zákazníků: 19500/47889
[CustomerAdapter] Zpracováno zákazníků: 19600/47889
[CustomerAdapter] Zpracováno zákazníků: 19700/47889
[CustomerAdapter] Zpracováno zákazníků: 19800/47889
[CustomerAdapter] Zpracováno zákazníků: 19900/47889
[CustomerAdapter] Zpracováno zákazníků: 20000/47889
[CustomerAdapter] Zpracováno zákazníků: 20100/47889
[CustomerAdapter] Zpracováno zákazníků: 20200/47889
[CustomerAdapter] Zpracováno zákazníků: 20300/47889
[CustomerAdapter] Zpracováno zákazníků: 20400/47889
[CustomerAdapter] Zpracováno zákazníků: 20500/47889
[CustomerAdapter] Zpracováno zákazníků: 20600/47889
[CustomerAdapter] Zpracováno zákazníků: 20700/47889
[CustomerAdapter] Zpracováno zákazníků: 20800/47889
[CustomerAdapter] Zpracováno zákazníků: 20900/47889
[CustomerAdapter] Zpracováno zákazníků: 21000/47889
[CustomerAdapter] Zpracováno zákazníků: 21100/47889
[CustomerAdapter] Zpracováno zákazníků: 21200/47889
[CustomerAdapter] Zpracováno zákazníků: 21300/47889
[CustomerAdapter] Zpracováno zákazníků: 21400/47889
[CustomerAdapter] Zpracováno zákazníků: 21500/47889
[CustomerAdapter] Zpracováno zákazníků: 21600/47889
[CustomerAdapter] Zpracováno zákazníků: 21700/47889
[CustomerAdapter] Zpracováno zákazníků: 21800/47889
[CustomerAdapter] Zpracováno zákazníků: 21900/47889
[CustomerAdapter] Zpracováno zákazníků: 22000/47889
[CustomerAdapter] Zpracováno zákazníků: 22100/47889
[CustomerAdapter] Zpracováno zákazníků: 22200/47889
[CustomerAdapter] Zpracováno zákazníků: 22300/47889
[CustomerAdapter] Zpracováno zákazníků: 22400/47889
[CustomerAdapter] Zpracováno zákazníků: 22500/47889
[CustomerAdapter] Zpracováno zákazníků: 22600/47889
[CustomerAdapter] Zpracováno zákazníků: 22700/47889
[CustomerAdapter] Zpracováno zákazníků: 22800/47889
[CustomerAdapter] Zpracováno zákazníků: 22900/47889
[CustomerAdapter] Zpracováno zákazníků: 23000/47889
[CustomerAdapter] Zpracováno zákazníků: 23100/47889
[CustomerAdapter] Zpracováno zákazníků: 23200/47889
[CustomerAdapter] Zpracováno zákazníků: 23300/47889
[CustomerAdapter] Zpracováno zákazníků: 23400/47889
[CustomerAdapter] Zpracováno zákazníků: 23500/47889
[CustomerAdapter] Zpracováno zákazníků: 23600/47889
[CustomerAdapter] Zpracováno zákazníků: 23700/47889
[CustomerAdapter] Zpracováno zákazníků: 23800/47889
[CustomerAdapter] Zpracováno zákazníků: 23900/47889
[CustomerAdapter] Zpracováno zákazníků: 24000/47889
[CustomerAdapter] Zpracováno zákazníků: 24100/47889
[CustomerAdapter] Zpracováno zákazníků: 24200/47889
[CustomerAdapter] Zpracováno zákazníků: 24300/47889
[CustomerAdapter] Zpracováno zákazníků: 24400/47889
[CustomerAdapter] Zpracováno zákazníků: 24500/47889
[CustomerAdapter] Zpracováno zákazníků: 24600/47889
[CustomerAdapter] Zpracováno zákazníků: 24700/47889
[CustomerAdapter] Zpracováno zákazníků: 24800/47889
[CustomerAdapter] Zpracováno zákazníků: 24900/47889
[CustomerAdapter] Zpracováno zákazníků: 25000/47889
[CustomerAdapter] Zpracováno zákazníků: 25100/47889
[CustomerAdapter] Zpracováno zákazníků: 25200/47889
[CustomerAdapter] Zpracováno zákazníků: 25300/47889
[CustomerAdapter] Zpracováno zákazníků: 25400/47889
[CustomerAdapter] Zpracováno zákazníků: 25500/47889
[CustomerAdapter] Zpracováno zákazníků: 25600/47889
[CustomerAdapter] Zpracováno zákazníků: 25700/47889
[CustomerAdapter] Zpracováno zákazníků: 25800/47889
[CustomerAdapter] Zpracováno zákazníků: 25900/47889
[CustomerAdapter] Zpracováno zákazníků: 26000/47889
[CustomerAdapter] Zpracováno zákazníků: 26100/47889
[CustomerAdapter] Zpracováno zákazníků: 26200/47889
[CustomerAdapter] Zpracováno zákazníků: 26300/47889
[CustomerAdapter] Zpracováno zákazníků: 26400/47889
[CustomerAdapter] Zpracováno zákazníků: 26500/47889
[CustomerAdapter] Zpracováno zákazníků: 26600/47889
[CustomerAdapter] Zpracováno zákazníků: 26700/47889
[CustomerAdapter] Zpracováno zákazníků: 26800/47889
[CustomerAdapter] Zpracováno zákazníků: 26900/47889
[CustomerAdapter] Zpracováno zákazníků: 27000/47889
[CustomerAdapter] Zpracováno zákazníků: 27100/47889
[CustomerAdapter] Zpracováno zákazníků: 27200/47889
[CustomerAdapter] Zpracováno zákazníků: 27300/47889
[CustomerAdapter] Zpracováno zákazníků: 27400/47889
[CustomerAdapter] Zpracováno zákazníků: 27500/47889
[CustomerAdapter] Zpracováno zákazníků: 27600/47889
[CustomerAdapter] Zpracováno zákazníků: 27700/47889
[CustomerAdapter] Zpracováno zákazníků: 27800/47889
[CustomerAdapter] Zpracováno zákazníků: 27900/47889
[CustomerAdapter] Zpracováno zákazníků: 28000/47889
[CustomerAdapter] Zpracováno zákazníků: 28100/47889
[CustomerAdapter] Zpracováno zákazníků: 28200/47889
[CustomerAdapter] Zpracováno zákazníků: 28300/47889
[CustomerAdapter] Zpracováno zákazníků: 28400/47889
[CustomerAdapter] Zpracováno zákazníků: 28500/47889
[CustomerAdapter] Zpracováno zákazníků: 28600/47889
[CustomerAdapter] Zpracováno zákazníků: 28700/47889
[CustomerAdapter] Zpracováno zákazníků: 28800/47889
[CustomerAdapter] Zpracováno zákazníků: 28900/47889
[CustomerAdapter] Zpracováno zákazníků: 29000/47889
[CustomerAdapter] Zpracováno zákazníků: 29100/47889
[CustomerAdapter] Zpracováno zákazníků: 29200/47889
[CustomerAdapter] Zpracováno zákazníků: 29300/47889
[CustomerAdapter] Zpracováno zákazníků: 29400/47889
[CustomerAdapter] Zpracováno zákazníků: 29500/47889
[CustomerAdapter] Zpracováno zákazníků: 29600/47889
[CustomerAdapter] Zpracováno zákazníků: 29700/47889
[CustomerAdapter] Zpracováno zákazníků: 29800/47889
[CustomerAdapter] Zpracováno zákazníků: 29900/47889
[CustomerAdapter] Zpracováno zákazníků: 30000/47889
[CustomerAdapter] Zpracováno zákazníků: 30100/47889
[CustomerAdapter] Zpracováno zákazníků: 30200/47889
[CustomerAdapter] Zpracováno zákazníků: 30300/47889
[CustomerAdapter] Zpracováno zákazníků: 30400/47889
[CustomerAdapter] Zpracováno zákazníků: 30500/47889
[CustomerAdapter] Zpracováno zákazníků: 30600/47889
[CustomerAdapter] Zpracováno zákazníků: 30700/47889
[CustomerAdapter] Zpracováno zákazníků: 30800/47889
[CustomerAdapter] Zpracováno zákazníků: 30900/47889
[CustomerAdapter] Zpracováno zákazníků: 31000/47889
[CustomerAdapter] Zpracováno zákazníků: 31100/47889
[CustomerAdapter] Zpracováno zákazníků: 31200/47889
[CustomerAdapter] Zpracováno zákazníků: 31300/47889
[CustomerAdapter] Zpracováno zákazníků: 31400/47889
[CustomerAdapter] Zpracováno zákazníků: 31500/47889
[CustomerAdapter] Zpracováno zákazníků: 31600/47889
[CustomerAdapter] Zpracováno zákazníků: 31700/47889
[CustomerAdapter] Zpracováno zákazníků: 31800/47889
[CustomerAdapter] Zpracováno zákazníků: 31900/47889
[CustomerAdapter] Zpracováno zákazníků: 32000/47889
[CustomerAdapter] Zpracováno zákazníků: 32100/47889
[CustomerAdapter] Zpracováno zákazníků: 32200/47889
[CustomerAdapter] Zpracováno zákazníků: 32300/47889
[CustomerAdapter] Zpracováno zákazníků: 32400/47889
[CustomerAdapter] Zpracováno zákazníků: 32500/47889
[CustomerAdapter] Zpracováno zákazníků: 32600/47889
[CustomerAdapter] Zpracováno zákazníků: 32700/47889
[CustomerAdapter] Zpracováno zákazníků: 32800/47889
[CustomerAdapter] Zpracováno zákazníků: 32900/47889
[CustomerAdapter] Zpracováno zákazníků: 33000/47889
[CustomerAdapter] Zpracováno zákazníků: 33100/47889
[CustomerAdapter] Zpracováno zákazníků: 33200/47889
